[ 2026-01-19 11:47:34,475, ] 1025 httpx - INFO - HTTP Request: GET https://dagshub.com/api/v1/user "HTTP/1.1 200 OK"
[ 2026-01-19 11:47:34,505, ] 107 dagshub - INFO - Accessing as Yoosuf520
[ 2026-01-19 11:47:35,618, ] 1025 httpx - INFO - HTTP Request: GET https://dagshub.com/api/v1/repos/Yoosuf520/Network_Security-Project "HTTP/1.1 200 OK"
[ 2026-01-19 11:47:36,719, ] 1025 httpx - INFO - HTTP Request: GET https://dagshub.com/api/v1/user "HTTP/1.1 200 OK"
[ 2026-01-19 11:47:36,730, ] 107 dagshub - INFO - Initialized MLflow to track repo "Yoosuf520/Network_Security-Project"
[ 2026-01-19 11:47:36,734, ] 107 dagshub - INFO - Repository Yoosuf520/Network_Security-Project initialized!
[ 2026-01-19 11:47:36,734, ] 23 root - INFO - Initiate the data ingestion
[ 2026-01-19 11:47:46,997, ] 68 root - INFO - Performed train test split on the dataframe
[ 2026-01-19 11:47:46,997, ] 70 root - INFO - Exited split_data_as_train_test method of Data_Ingestion class
[ 2026-01-19 11:47:47,013, ] 76 root - INFO - Exporting train and test file path.
[ 2026-01-19 11:47:47,260, ] 87 root - INFO - Exported train and test file path.
[ 2026-01-19 11:47:47,262, ] 25 root - INFO - Data Initiation Completed
[ 2026-01-19 11:47:47,318, ] 30 root - INFO - Initiate the data Validation
[ 2026-01-19 11:47:47,734, ] 32 root - INFO - required number of columns:2
[ 2026-01-19 11:47:47,734, ] 33 root - INFO - DataFrame has columns:31
[ 2026-01-19 11:47:47,734, ] 32 root - INFO - required number of columns:2
[ 2026-01-19 11:47:47,735, ] 33 root - INFO - DataFrame has columns:31
[ 2026-01-19 11:47:47,737, ] 43 root - INFO - numerical columns:['having_IP_Address', 'URL_Length', 'Shortining_Service', 'having_At_Symbol', 'double_slash_redirecting', 'Prefix_Suffix', 'having_Sub_Domain', 'SSLfinal_State', 'Domain_registeration_length', 'Favicon', 'port', 'HTTPS_token', 'Request_URL', 'URL_of_Anchor', 'Links_in_tags', 'SFH', 'Submitting_to_email', 'Abnormal_URL', 'Redirect', 'on_mouseover', 'RightClick', 'popUpWidnow', 'Iframe', 'age_of_domain', 'DNSRecord', 'web_traffic', 'Page_Rank', 'Google_Index', 'Links_pointing_to_page', 'Statistical_report', 'Result']
[ 2026-01-19 11:47:47,740, ] 43 root - INFO - numerical columns:['having_IP_Address', 'URL_Length', 'Shortining_Service', 'having_At_Symbol', 'double_slash_redirecting', 'Prefix_Suffix', 'having_Sub_Domain', 'SSLfinal_State', 'Domain_registeration_length', 'Favicon', 'port', 'HTTPS_token', 'Request_URL', 'URL_of_Anchor', 'Links_in_tags', 'SFH', 'Submitting_to_email', 'Abnormal_URL', 'Redirect', 'on_mouseover', 'RightClick', 'popUpWidnow', 'Iframe', 'age_of_domain', 'DNSRecord', 'web_traffic', 'Page_Rank', 'Google_Index', 'Links_pointing_to_page', 'Statistical_report', 'Result']
[ 2026-01-19 11:47:48,327, ] 32 root - INFO - data Validation Completed
[ 2026-01-19 11:47:48,328, ] 37 root - INFO - Initiate Data Transformation
[ 2026-01-19 11:47:48,329, ] 64 root - INFO - Entered initiate_data_transformation method of DataTransformation class
[ 2026-01-19 11:47:48,329, ] 67 root - INFO - strating data transformation
[ 2026-01-19 11:47:48,455, ] 48 root - INFO - Entered get_data_trnasformer_object method of Trnasformation class
[ 2026-01-19 11:47:48,456, ] 53 root - INFO - Initialise KNNImputer with {'missing_values': nan, 'n_neighbors': 3, 'weights': 'uniform'}
[ 2026-01-19 11:47:48,491, ] 46 root - INFO - Entered the save_object method of MainUtils class
[ 2026-01-19 11:47:48,498, ] 50 root - INFO - Exited the save_object method of MainUtils class
[ 2026-01-19 11:47:48,498, ] 46 root - INFO - Entered the save_object method of MainUtils class
[ 2026-01-19 11:47:48,503, ] 50 root - INFO - Exited the save_object method of MainUtils class
[ 2026-01-19 11:47:48,506, ] 39 root - INFO - data transformation completed
[ 2026-01-19 11:47:48,507, ] 42 root - INFO - Model Training sstared
[ 2026-01-19 12:01:14,322, ] 46 root - INFO - Entered the save_object method of MainUtils class
[ 2026-01-19 12:01:14,324, ] 50 root - INFO - Exited the save_object method of MainUtils class
[ 2026-01-19 12:01:14,325, ] 46 root - INFO - Entered the save_object method of MainUtils class
[ 2026-01-19 12:01:14,343, ] 50 root - INFO - Exited the save_object method of MainUtils class
[ 2026-01-19 12:01:14,343, ] 129 root - INFO - Model trainer artifact: ModelTrainerArtifact(trained_model_file_path='Artifacts\\01_19_2026_11_47_28\\model_trainer\\trained_model\\model.pkl', train_metric_artifact=ClassificationMetricArtifact(f1_score=0.9914243669762014, precision_score=0.9878653048842148, recall_score=0.9950091668364229), test_metric_artifact=ClassificationMetricArtifact(f1_score=0.9834825870646766, precision_score=0.9770660340055358, recall_score=0.9899839743589743))
[ 2026-01-19 12:01:14,347, ] 47 root - INFO - Model Training artifact created
