[ 2026-01-20 09:24:58,615, ] 1025 httpx - INFO - HTTP Request: GET https://dagshub.com/api/v1/user "HTTP/1.1 200 OK"
[ 2026-01-20 09:24:58,655, ] 107 dagshub - INFO - Accessing as Yoosuf520
[ 2026-01-20 09:25:00,018, ] 1025 httpx - INFO - HTTP Request: GET https://dagshub.com/api/v1/repos/Yoosuf520/Network_Security-Project "HTTP/1.1 200 OK"
[ 2026-01-20 09:25:01,205, ] 1025 httpx - INFO - HTTP Request: GET https://dagshub.com/api/v1/user "HTTP/1.1 200 OK"
[ 2026-01-20 09:25:01,222, ] 107 dagshub - INFO - Initialized MLflow to track repo "Yoosuf520/Network_Security-Project"
[ 2026-01-20 09:25:01,226, ] 107 dagshub - INFO - Repository Yoosuf520/Network_Security-Project initialized!
[ 2026-01-20 09:25:01,227, ] 23 root - INFO - Initiate the data ingestion
[ 2026-01-20 09:25:27,514, ] 68 root - INFO - Performed train test split on the dataframe
[ 2026-01-20 09:25:27,515, ] 70 root - INFO - Exited split_data_as_train_test method of Data_Ingestion class
[ 2026-01-20 09:25:27,515, ] 76 root - INFO - Exporting train and test file path.
[ 2026-01-20 09:25:29,241, ] 87 root - INFO - Exported train and test file path.
[ 2026-01-20 09:25:29,245, ] 25 root - INFO - Data Initiation Completed
[ 2026-01-20 09:25:29,418, ] 30 root - INFO - Initiate the data Validation
[ 2026-01-20 09:25:30,037, ] 32 root - INFO - required number of columns:2
[ 2026-01-20 09:25:30,038, ] 33 root - INFO - DataFrame has columns:31
[ 2026-01-20 09:25:30,038, ] 32 root - INFO - required number of columns:2
[ 2026-01-20 09:25:30,038, ] 33 root - INFO - DataFrame has columns:31
[ 2026-01-20 09:25:30,043, ] 43 root - INFO - numerical columns:['having_IP_Address', 'URL_Length', 'Shortining_Service', 'having_At_Symbol', 'double_slash_redirecting', 'Prefix_Suffix', 'having_Sub_Domain', 'SSLfinal_State', 'Domain_registeration_length', 'Favicon', 'port', 'HTTPS_token', 'Request_URL', 'URL_of_Anchor', 'Links_in_tags', 'SFH', 'Submitting_to_email', 'Abnormal_URL', 'Redirect', 'on_mouseover', 'RightClick', 'popUpWidnow', 'Iframe', 'age_of_domain', 'DNSRecord', 'web_traffic', 'Page_Rank', 'Google_Index', 'Links_pointing_to_page', 'Statistical_report', 'Result']
[ 2026-01-20 09:25:30,048, ] 43 root - INFO - numerical columns:['having_IP_Address', 'URL_Length', 'Shortining_Service', 'having_At_Symbol', 'double_slash_redirecting', 'Prefix_Suffix', 'having_Sub_Domain', 'SSLfinal_State', 'Domain_registeration_length', 'Favicon', 'port', 'HTTPS_token', 'Request_URL', 'URL_of_Anchor', 'Links_in_tags', 'SFH', 'Submitting_to_email', 'Abnormal_URL', 'Redirect', 'on_mouseover', 'RightClick', 'popUpWidnow', 'Iframe', 'age_of_domain', 'DNSRecord', 'web_traffic', 'Page_Rank', 'Google_Index', 'Links_pointing_to_page', 'Statistical_report', 'Result']
[ 2026-01-20 09:25:32,077, ] 32 root - INFO - data Validation Completed
[ 2026-01-20 09:25:32,080, ] 37 root - INFO - Initiate Data Transformation
[ 2026-01-20 09:25:32,080, ] 64 root - INFO - Entered initiate_data_transformation method of DataTransformation class
[ 2026-01-20 09:25:32,081, ] 67 root - INFO - strating data transformation
[ 2026-01-20 09:25:32,383, ] 48 root - INFO - Entered get_data_trnasformer_object method of Trnasformation class
[ 2026-01-20 09:25:32,384, ] 53 root - INFO - Initialise KNNImputer with {'missing_values': nan, 'n_neighbors': 3, 'weights': 'uniform'}
[ 2026-01-20 09:25:32,478, ] 46 root - INFO - Entered the save_object method of MainUtils class
[ 2026-01-20 09:25:32,489, ] 50 root - INFO - Exited the save_object method of MainUtils class
[ 2026-01-20 09:25:32,495, ] 46 root - INFO - Entered the save_object method of MainUtils class
[ 2026-01-20 09:25:32,506, ] 50 root - INFO - Exited the save_object method of MainUtils class
[ 2026-01-20 09:25:32,516, ] 39 root - INFO - data transformation completed
[ 2026-01-20 09:25:32,525, ] 42 root - INFO - Model Training sstared
[ 2026-01-20 10:29:49,027, ] 46 root - INFO - Entered the save_object method of MainUtils class
[ 2026-01-20 10:29:49,039, ] 50 root - INFO - Exited the save_object method of MainUtils class
[ 2026-01-20 10:29:49,040, ] 46 root - INFO - Entered the save_object method of MainUtils class
[ 2026-01-20 10:29:49,202, ] 50 root - INFO - Exited the save_object method of MainUtils class
[ 2026-01-20 10:29:49,202, ] 129 root - INFO - Model trainer artifact: ModelTrainerArtifact(trained_model_file_path='Artifacts\\01_20_2026_09_24_35\\model_trainer\\trained_model\\model.pkl', train_metric_artifact=ClassificationMetricArtifact(f1_score=0.9909995262908574, precision_score=0.9886578449905482, recall_score=0.99335232668566), test_metric_artifact=ClassificationMetricArtifact(f1_score=0.9890345012035303, precision_score=0.9863963723659642, recall_score=0.9916867792973988))
[ 2026-01-20 10:29:49,249, ] 47 root - INFO - Model Training artifact created
